// Jest Snapshot v1, https://goo.gl/fbAQLP

exports[`Icon is svg 1`] = `
<svg
  className="ui-icon"
>
  <use
    xlinkHref="#wechat"
  />
</svg>
`;
